126923580856128 2026-10-04 00:26:35,772 webull.core.http.initializer.client_initializer INFO _check_token_enable result is False
133205161817920 2026-10-04 00:29:14,309 webull.core.http.initializer.client_initializer INFO _check_token_enable result is False
126946408580928 2026-10-04 00:31:08,450 webull.core.http.initializer.client_initializer INFO _check_token_enable result is False
126946408580928 2026-10-04 00:31:08,813 webull.core.client ERROR ServerException occurred. Host:api.sandbox.webull.com SDK-Version:3.0.2 Request:{
  "_version": "v3",
  "_action_name": "/openapi/trade/stock/order/place",
  "_protocol_type": "https",
  "_accept_format": "JSON",
  "_params": {},
  "_method": "POST",
  "_header": {
    "x-version": "v3",
    "category": "US_STOCK",
    "Accept-Encoding": "gzip",
    "x-app-key": "us.627cd9635c46e4788081fe641bbeabca",
    "x-timestamp": "2026-10-04T00:31:08Z",
    "x-signature-version": "1.0",
    "x-signature-algorithm": "HMAC-SHA256",
    "x-signature-nonce": "b6343a6d-2f1b-5e62-b9c5-f8d7c4b1f4d9",
    "x-signature": "p7yoB2nxEnCzrZBdk0T3fdPLWxYQt3+BB2hIurJoSv4=",
    "User-Agent": "WebullApiSDK (Linux 6.8.0-1064-azure;x86_64) Python/3.14.2 Core/3.0.2 python-requests/2.34.2",
    "x-webull-client-source": "sdk",
    "Content-Length": "268",
    "Content-Type": "application/json"
  },
  "_body_params": {
    "account_id": "49JALRAS02EQ1Q94OCSJ3G4DH8",
    "new_orders": [
      {
        "client_order_id": "74469700b2db494d8589519f31afca64",
        "market": "US",
        "symbol": "AMRN",
        "side": "BUY",
        "order_type": "MARKET",
        "time_in_force": "DAY",
        "quantity": "100",
        "entrust_type": "QTY",
        "support_trading_session": "N"
      }
    ]
  },
  "_uri_pattern": null,
  "_uri_params": null,
  "_content": "{\"account_id\":\"49JALRAS02EQ1Q94OCSJ3G4DH8\",\"new_orders\":[{\"client_order_id\":\"74469700b2db494d8589519f31afca64\",\"market\":\"US\",\"symbol\":\"AMRN\",\"side\":\"BUY\",\"order_type\":\"MARKET\",\"time_in_force\":\"DAY\",\"quantity\":\"100\",\"entrust_type\":\"QTY\",\"support_trading_session\":\"N\"}]}",
  "_extra_user_agent": {},
  "string_to_sign": "",
  "_request_connect_timeout": null,
  "_request_read_timeout": null,
  "endpoint": "api.sandbox.webull.com",
  "_signer_spec": "<module 'webull.core.auth.algorithm.sha_hmac1' from '/usr/local/python/3.14.2/lib/python3.14/site-packages/webull/core/auth/algorithm/sha_hmac1.py'>"
} Response:{'message': 'Orders cannot be placed at this time. Please try again during normal market hours 9:30 a.m. - 4:00 p.m. ET', 'error_code': 'OPENAPI_CAN_NOT_TRADING_FOR_NON_TRADING_HOURS'} ServerException:HTTP Status: 417, Code: OPENAPI_CAN_NOT_TRADING_FOR_NON_TRADING_HOURS, Msg: Orders cannot be placed at this time. Please try again during normal market hours 9:30 a.m. - 4:00 p.m. ET, RequestID: cacc44c5-20d7-4bcb-b2ed-f41413ddc3c6
126946408580928 2026-10-04 00:31:08,814 webull.core.client ERROR get_response exception. {
  "error_code": "OPENAPI_CAN_NOT_TRADING_FOR_NON_TRADING_HOURS",
  "error_msg": "Orders cannot be placed at this time. Please try again during normal market hours 9:30 a.m. - 4:00 p.m. ET",
  "http_status": 417,
  "request_id": "cacc44c5-20d7-4bcb-b2ed-f41413ddc3c6"
}
123473909217088 2026-10-04 00:34:03,551 webull.core.http.initializer.client_initializer INFO _check_token_enable result is False
123473909217088 2026-10-04 00:34:03,844 webull.core.client ERROR ServerException occurred. Host:api.sandbox.webull.com SDK-Version:3.0.2 Request:{
  "_version": "v3",
  "_action_name": "/openapi/trade/stock/order/place",
  "_protocol_type": "https",
  "_accept_format": "JSON",
  "_params": {},
  "_method": "POST",
  "_header": {
    "x-version": "v3",
    "category": "US_STOCK",
    "Accept-Encoding": "gzip",
    "x-app-key": "us.627cd9635c46e4788081fe641bbeabca",
    "x-timestamp": "2026-10-04T00:34:03Z",
    "x-signature-version": "1.0",
    "x-signature-algorithm": "HMAC-SHA256",
    "x-signature-nonce": "b52dcb3a-70ff-5f82-a1dd-1eac2269085a",
    "x-signature": "pa783lowCexF0PLJor+Mu0Dam39uKrLonRUyu1p1Uvo=",
    "User-Agent": "WebullApiSDK (Linux 6.8.0-1064-azure;x86_64) Python/3.14.2 Core/3.0.2 python-requests/2.34.2",
    "x-webull-client-source": "sdk",
    "Content-Length": "289",
    "Content-Type": "application/json"
  },
  "_body_params": {
    "account_id": "49JALRAS02EQ1Q94OCSJ3G4DH8",
    "new_orders": [
      {
        "client_order_id": "5e902156e5134c8b8720f41510765c76",
        "market": "US",
        "symbol": "AMRN",
        "side": "BUY",
        "order_type": "LIMIT",
        "limit_price": "14.50",
        "time_in_force": "DAY",
        "quantity": "100",
        "entrust_type": "QTY",
        "support_trading_session": "N"
      }
    ]
  },
  "_uri_pattern": null,
  "_uri_params": null,
  "_content": "{\"account_id\":\"49JALRAS02EQ1Q94OCSJ3G4DH8\",\"new_orders\":[{\"client_order_id\":\"5e902156e5134c8b8720f41510765c76\",\"market\":\"US\",\"symbol\":\"AMRN\",\"side\":\"BUY\",\"order_type\":\"LIMIT\",\"limit_price\":\"14.50\",\"time_in_force\":\"DAY\",\"quantity\":\"100\",\"entrust_type\":\"QTY\",\"support_trading_session\":\"N\"}]}",
  "_extra_user_agent": {},
  "string_to_sign": "",
  "_request_connect_timeout": null,
  "_request_read_timeout": null,
  "endpoint": "api.sandbox.webull.com",
  "_signer_spec": "<module 'webull.core.auth.algorithm.sha_hmac1' from '/usr/local/python/3.14.2/lib/python3.14/site-packages/webull/core/auth/algorithm/sha_hmac1.py'>"
} Response:{'message': 'Orders cannot be placed at this time. Please try again during normal market hours 9:30 a.m. - 4:00 p.m. ET', 'error_code': 'OPENAPI_CAN_NOT_TRADING_FOR_NON_TRADING_HOURS'} ServerException:HTTP Status: 417, Code: OPENAPI_CAN_NOT_TRADING_FOR_NON_TRADING_HOURS, Msg: Orders cannot be placed at this time. Please try again during normal market hours 9:30 a.m. - 4:00 p.m. ET, RequestID: 7c7aaca2-667d-4a7d-be8b-871cb0a24fae
123473909217088 2026-10-04 00:34:03,845 webull.core.client ERROR get_response exception. {
  "error_code": "OPENAPI_CAN_NOT_TRADING_FOR_NON_TRADING_HOURS",
  "error_msg": "Orders cannot be placed at this time. Please try again during normal market hours 9:30 a.m. - 4:00 p.m. ET",
  "http_status": 417,
  "request_id": "7c7aaca2-667d-4a7d-be8b-871cb0a24fae"
}
125012522993472 2026-10-04 00:34:29,319 webull.core.http.initializer.client_initializer INFO _check_token_enable result is False
125012522993472 2026-10-04 00:34:29,578 webull.core.client ERROR ServerException occurred. Host:api.sandbox.webull.com SDK-Version:3.0.2 Request:{
  "_version": "v3",
  "_action_name": "/openapi/trade/stock/order/place",
  "_protocol_type": "https",
  "_accept_format": "JSON",
  "_params": {},
  "_method": "POST",
  "_header": {
    "x-version": "v3",
    "category": "US_STOCK",
    "Accept-Encoding": "gzip",
    "x-app-key": "us.627cd9635c46e4788081fe641bbeabca",
    "x-timestamp": "2026-10-04T00:34:29Z",
    "x-signature-version": "1.0",
    "x-signature-algorithm": "HMAC-SHA256",
    "x-signature-nonce": "5a047222-d56a-5115-be0c-78f6572d5cbc",
    "x-signature": "bs7/FkwIAhm0VVpZeuVQFvTIufcC0KKRN68uaOaNoxg=",
    "User-Agent": "WebullApiSDK (Linux 6.8.0-1064-azure;x86_64) Python/3.14.2 Core/3.0.2 python-requests/2.34.2",
    "x-webull-client-source": "sdk",
    "Content-Length": "289",
    "Content-Type": "application/json"
  },
  "_body_params": {
    "account_id": "49JALRAS02EQ1Q94OCSJ3G4DH8",
    "new_orders": [
      {
        "client_order_id": "b2c013bbca674eaaa13762a82a9b6c18",
        "market": "US",
        "symbol": "AMRN",
        "side": "BUY",
        "order_type": "LIMIT",
        "limit_price": "14.50",
        "time_in_force": "DAY",
        "quantity": "100",
        "entrust_type": "QTY",
        "support_trading_session": "N"
      }
    ]
  },
  "_uri_pattern": null,
  "_uri_params": null,
  "_content": "{\"account_id\":\"49JALRAS02EQ1Q94OCSJ3G4DH8\",\"new_orders\":[{\"client_order_id\":\"b2c013bbca674eaaa13762a82a9b6c18\",\"market\":\"US\",\"symbol\":\"AMRN\",\"side\":\"BUY\",\"order_type\":\"LIMIT\",\"limit_price\":\"14.50\",\"time_in_force\":\"DAY\",\"quantity\":\"100\",\"entrust_type\":\"QTY\",\"support_trading_session\":\"N\"}]}",
  "_extra_user_agent": {},
  "string_to_sign": "",
  "_request_connect_timeout": null,
  "_request_read_timeout": null,
  "endpoint": "api.sandbox.webull.com",
  "_signer_spec": "<module 'webull.core.auth.algorithm.sha_hmac1' from '/usr/local/python/3.14.2/lib/python3.14/site-packages/webull/core/auth/algorithm/sha_hmac1.py'>"
} Response:{'message': 'Orders cannot be placed at this time. Please try again during normal market hours 9:30 a.m. - 4:00 p.m. ET', 'error_code': 'OPENAPI_CAN_NOT_TRADING_FOR_NON_TRADING_HOURS'} ServerException:HTTP Status: 417, Code: OPENAPI_CAN_NOT_TRADING_FOR_NON_TRADING_HOURS, Msg: Orders cannot be placed at this time. Please try again during normal market hours 9:30 a.m. - 4:00 p.m. ET, RequestID: 7897489c-ba99-466f-a6ae-3af9418eb009
125012522993472 2026-10-04 00:34:29,579 webull.core.client ERROR get_response exception. {
  "error_code": "OPENAPI_CAN_NOT_TRADING_FOR_NON_TRADING_HOURS",
  "error_msg": "Orders cannot be placed at this time. Please try again during normal market hours 9:30 a.m. - 4:00 p.m. ET",
  "http_status": 417,
  "request_id": "7897489c-ba99-466f-a6ae-3af9418eb009"
}
132139893421888 2026-10-04 00:36:10,198 webull.core.http.initializer.client_initializer INFO _check_token_enable result is False
132139893421888 2026-10-04 00:36:10,472 webull.core.client ERROR ServerException occurred. Host:api.sandbox.webull.com SDK-Version:3.0.2 Request:{
  "_version": "v3",
  "_action_name": "/openapi/trade/stock/order/place",
  "_protocol_type": "https",
  "_accept_format": "JSON",
  "_params": {},
  "_method": "POST",
  "_header": {
    "x-version": "v3",
    "category": "US_STOCK",
    "Accept-Encoding": "gzip",
    "x-app-key": "us.627cd9635c46e4788081fe641bbeabca",
    "x-timestamp": "2026-10-04T00:36:10Z",
    "x-signature-version": "1.0",
    "x-signature-algorithm": "HMAC-SHA256",
    "x-signature-nonce": "c1b56853-0ad2-5207-9d7c-1c969c9292f7",
    "x-signature": "vqiEI6l9uWPNEsJ8WN4crN/LOVctkmf0uiM14Orl9tw=",
    "User-Agent": "WebullApiSDK (Linux 6.8.0-1064-azure;x86_64) Python/3.14.2 Core/3.0.2 python-requests/2.34.2",
    "x-webull-client-source": "sdk",
    "Content-Length": "289",
    "Content-Type": "application/json"
  },
  "_body_params": {
    "account_id": "49JALRAS02EQ1Q94OCSJ3G4DH8",
    "new_orders": [
      {
        "client_order_id": "57556768ee51459a946828c51394c752",
        "market": "US",
        "symbol": "AMRN",
        "side": "BUY",
        "order_type": "LIMIT",
        "limit_price": "14.50",
        "time_in_force": "DAY",
        "quantity": "100",
        "entrust_type": "QTY",
        "support_trading_session": "N"
      }
    ]
  },
  "_uri_pattern": null,
  "_uri_params": null,
  "_content": "{\"account_id\":\"49JALRAS02EQ1Q94OCSJ3G4DH8\",\"new_orders\":[{\"client_order_id\":\"57556768ee51459a946828c51394c752\",\"market\":\"US\",\"symbol\":\"AMRN\",\"side\":\"BUY\",\"order_type\":\"LIMIT\",\"limit_price\":\"14.50\",\"time_in_force\":\"DAY\",\"quantity\":\"100\",\"entrust_type\":\"QTY\",\"support_trading_session\":\"N\"}]}",
  "_extra_user_agent": {},
  "string_to_sign": "",
  "_request_connect_timeout": null,
  "_request_read_timeout": null,
  "endpoint": "api.sandbox.webull.com",
  "_signer_spec": "<module 'webull.core.auth.algorithm.sha_hmac1' from '/usr/local/python/3.14.2/lib/python3.14/site-packages/webull/core/auth/algorithm/sha_hmac1.py'>"
} Response:{'message': 'Orders cannot be placed at this time. Please try again during normal market hours 9:30 a.m. - 4:00 p.m. ET', 'error_code': 'OPENAPI_CAN_NOT_TRADING_FOR_NON_TRADING_HOURS'} ServerException:HTTP Status: 417, Code: OPENAPI_CAN_NOT_TRADING_FOR_NON_TRADING_HOURS, Msg: Orders cannot be placed at this time. Please try again during normal market hours 9:30 a.m. - 4:00 p.m. ET, RequestID: 58578b0d-dce6-4214-bc29-0684de2ab2b4
132139893421888 2026-10-04 00:36:10,472 webull.core.client ERROR get_response exception. {
  "error_code": "OPENAPI_CAN_NOT_TRADING_FOR_NON_TRADING_HOURS",
  "error_msg": "Orders cannot be placed at this time. Please try again during normal market hours 9:30 a.m. - 4:00 p.m. ET",
  "http_status": 417,
  "request_id": "58578b0d-dce6-4214-bc29-0684de2ab2b4"
}
